---
apiVersion: kafka.strimzi.io/v1beta2
kind: KafkaUser
metadata:
  name: my-user
  labels:
    strimzi.io/cluster: my-cluster
spec:
  authentication:
    type: tls
  authorization:
    type: simple
    acls:
    - resource:
        type: topic
        name: my-topic
        patternType: literal
      operation: Read
    - resource:
        type: topic
        name: my-topic
        patternType: literal
      operation: Describe
    - resource:
        type: group
        name: my-group
        patternType: literal
      operation: Read
    - resource:
        type: topic
        name: my-topic
        patternType: literal
      operation: Write
    - resource:
        type: topic
        name: my-topic
        patternType: literal
      operation: Create
    - resource:
        type: topic
        name: my-topic
        patternType: literal
      operation: Describe
    - resource:
        type: transactionalId
        name: schema-registry-
        patternType: prefix
      operation: Describe
    - resource:
        type: transactionalId
        name: schema-registry-
        patternType: prefix
      operation: Write
  quotas:
    producerByteRate: 1048576
    consumerByteRate: 2097152
    requestPercentage: 55